rec 6 {"order":"n","hv":"raw","set":"all","body":"sha","nl":false,"bare":false,"up":false,"join":";"} strip true
rec 6 {"order":"n","hv":"raw","set":"all","body":"sha","nl":false,"bare":false,"up":true,"join":";"} strip true
rec 6 {"order":"n","hv":"raw","set":"all","body":"sha","nl":false,"bare":true,"up":false,"join":";"} strip true
rec 6 {"order":"n","hv":"raw","set":"all","body":"sha","nl":false,"bare":true,"up":true,"join":";"} strip true
rec 6 {"order":"n","hv":"raw","set":"all","body":"absent","nl":false,"bare":false,"up":false,"join":";"} strip true
rec 6 {"order":"n","hv":"raw","set":"all","body":"absent","nl":false,"bare":false,"up":true,"join":";"} strip true
rec 6 {"order":"n","hv":"raw","set":"all","body":"absent","nl":false,"bare":true,"up":false,"join":";"} strip true
rec 6 {"order":"n","hv":"raw","set":"all","body":"absent","nl":false,"bare":true,"up":true,"join":";"} strip true
rec 6 {"order":"n","hv":"raw","set":"all","body":"unsigned","nl":false,"bare":false,"up":false,"join":";"} strip true
rec 6 {"order":"n","hv":"raw","set":"all","body":"unsigned","nl":false,"bare":false,"up":true,"join":";"} strip true
rec 6 {"order":"n","hv":"raw","set":"all","body":"unsigned","nl":false,"bare":true,"up":false,"join":";"} strip true
rec 6 {"order":"n","hv":"raw","set":"all","body":"unsigned","nl":false,"bare":true,"up":true,"join":";"} strip true
rec 6 {"order":"n","hv":"raw","set":"gwct","body":"sha","nl":false,"bare":false,"up":false,"join":";"} strip true
rec 6 {"order":"n","hv":"raw","set":"gwct","body":"sha","nl":false,"bare":false,"up":true,"join":";"} strip true
rec 6 {"order":"n","hv":"raw","set":"gwct","body":"sha","nl":false,"bare":true,"up":false,"join":";"} strip true
rec 6 {"order":"n","hv":"raw","set":"gwct","body":"sha","nl":false,"bare":true,"up":true,"join":";"} strip true
rec 6 {"order":"n","hv":"raw","set":"gwct","body":"absent","nl":false,"bare":false,"up":false,"join":";"} strip true
rec 6 {"order":"n","hv":"raw","set":"gwct","body":"absent","nl":false,"bare":false,"up":true,"join":";"} strip true
rec 6 {"order":"n","hv":"raw","set":"gwct","body":"absent","nl":false,"bare":true,"up":false,"join":";"} strip true
rec 6 {"order":"n","hv":"raw","set":"gwct","body":"absent","nl":false,"bare":true,"up":true,"join":";"} strip true
rec 6 {"order":"n","hv":"raw","set":"gwct","body":"unsigned","nl":false,"bare":false,"up":false,"join":";"} strip true
rec 6 {"order":"n","hv":"raw","set":"gwct","body":"unsigned","nl":false,"bare":false,"up":true,"join":";"} strip true
rec 6 {"order":"n","hv":"raw","set":"gwct","body":"unsigned","nl":false,"bare":true,"up":false,"join":";"} strip true
rec 6 {"order":"n","hv":"raw","set":"gwct","body":"unsigned","nl":false,"bare":true,"up":true,"join":";"} strip true
rec 6 {"order":"n","hv":"raw","set":"gw","body":"sha","nl":false,"bare":false,"up":false,"join":";"} strip true
rec 6 {"order":"n","hv":"raw","set":"gw","body":"sha","nl":false,"bare":false,"up":true,"join":";"} strip true
rec 6 {"order":"n","hv":"raw","set":"gw","body":"sha","nl":false,"bare":true,"up":false,"join":";"} strip true
rec 6 {"order":"n","hv":"raw","set":"gw","body":"sha","nl":false,"bare":true,"up":true,"join":";"} strip true
rec 6 {"order":"n","hv":"raw","set":"gw","body":"absent","nl":false,"bare":false,"up":false,"join":";"} strip true
rec 6 {"order":"n","hv":"raw","set":"gw","body":"absent","nl":false,"bare":false,"up":true,"join":";"} strip true
rec 6 {"order":"n","hv":"raw","set":"gw","body":"absent","nl":false,"bare":true,"up":false,"join":";"} strip true
rec 6 {"order":"n","hv":"raw","set":"gw","body":"absent","nl":false,"bare":true,"up":true,"join":";"} strip true
rec 6 {"order":"n","hv":"raw","set":"gw","body":"unsigned","nl":false,"bare":false,"up":false,"join":";"} strip true
rec 6 {"order":"n","hv":"raw","set":"gw","body":"unsigned","nl":false,"bare":false,"up":true,"join":";"} strip true
rec 6 {"order":"n","hv":"raw","set":"gw","body":"unsigned","nl":false,"bare":true,"up":false,"join":";"} strip true
rec 6 {"order":"n","hv":"raw","set":"gw","body":"unsigned","nl":false,"bare":true,"up":true,"join":";"} strip true
rec 6 {"order":"n","hv":"strip","set":"all","body":"sha","nl":false,"bare":false,"up":false,"join":";"} strip true
rec 6 {"order":"n","hv":"strip","set":"all","body":"sha","nl":false,"bare":false,"up":true,"join":";"} strip true
rec 6 {"order":"n","hv":"strip","set":"all","body":"sha","nl":false,"bare":true,"up":false,"join":";"} strip true
rec 6 {"order":"n","hv":"strip","set":"all","body":"sha","nl":false,"bare":true,"up":true,"join":";"} strip true
rec 6 {"order":"n","hv":"strip","set":"all","body":"absent","nl":false,"bare":false,"up":false,"join":";"} strip true
rec 6 {"order":"n","hv":"strip","set":"all","body":"absent","nl":false,"bare":false,"up":true,"join":";"} strip true
rec 6 {"order":"n","hv":"strip","set":"all","body":"absent","nl":false,"bare":true,"up":false,"join":";"} strip true
rec 6 {"order":"n","hv":"strip","set":"all","body":"absent","nl":false,"bare":true,"up":true,"join":";"} strip true
rec 6 {"order":"n","hv":"strip","set":"all","body":"unsigned","nl":false,"bare":false,"up":false,"join":";"} strip true
rec 6 {"order":"n","hv":"strip","set":"all","body":"unsigned","nl":false,"bare":false,"up":true,"join":";"} strip true
rec 6 {"order":"n","hv":"strip","set":"all","body":"unsigned","nl":false,"bare":true,"up":false,"join":";"} strip true
rec 6 {"order":"n","hv":"strip","set":"all","body":"unsigned","nl":false,"bare":true,"up":true,"join":";"} strip true
rec 6 {"order":"n","hv":"strip","set":"gwct","body":"sha","nl":false,"bare":false,"up":false,"join":";"} strip true
rec 6 {"order":"n","hv":"strip","set":"gwct","body":"sha","nl":false,"bare":false,"up":true,"join":";"} strip true
rec 6 {"order":"n","hv":"strip","set":"gwct","body":"sha","nl":false,"bare":true,"up":false,"join":";"} strip true
rec 6 {"order":"n","hv":"strip","set":"gwct","body":"sha","nl":false,"bare":true,"up":true,"join":";"} strip true
rec 6 {"order":"n","hv":"strip","set":"gwct","body":"absent","nl":false,"bare":false,"up":false,"join":";"} strip true
rec 6 {"order":"n","hv":"strip","set":"gwct","body":"absent","nl":false,"bare":false,"up":true,"join":";"} strip true
rec 6 {"order":"n","hv":"strip","set":"gwct","body":"absent","nl":false,"bare":true,"up":false,"join":";"} strip true
rec 6 {"order":"n","hv":"strip","set":"gwct","body":"absent","nl":false,"bare":true,"up":true,"join":";"} strip true
rec 6 {"order":"n","hv":"strip","set":"gwct","body":"unsigned","nl":false,"bare":false,"up":false,"join":";"} strip true
rec 6 {"order":"n","hv":"strip","set":"gwct","body":"unsigned","nl":false,"bare":false,"up":true,"join":";"} strip true
rec 6 {"order":"n","hv":"strip","set":"gwct","body":"unsigned","nl":false,"bare":true,"up":false,"join":";"} strip true
rec 6 {"order":"n","hv":"strip","set":"gwct","body":"unsigned","nl":false,"bare":true,"up":true,"join":";"} strip true
rec 6 {"order":"n","hv":"strip","set":"gw","body":"sha","nl":false,"bare":false,"up":false,"join":";"} strip true
rec 6 {"order":"n","hv":"strip","set":"gw","body":"sha","nl":false,"bare":false,"up":true,"join":";"} strip true
rec 6 {"order":"n","hv":"strip","set":"gw","body":"sha","nl":false,"bare":true,"up":false,"join":";"} strip true
rec 6 {"order":"n","hv":"strip","set":"gw","body":"sha","nl":false,"bare":true,"up":true,"join":";"} strip true
rec 6 {"order":"n","hv":"strip","set":"gw","body":"absent","nl":false,"bare":false,"up":false,"join":";"} strip true
rec 6 {"order":"n","hv":"strip","set":"gw","body":"absent","nl":false,"bare":false,"up":true,"join":";"} strip true
rec 6 {"order":"n","hv":"strip","set":"gw","body":"absent","nl":false,"bare":true,"up":false,"join":";"} strip true
rec 6 {"order":"n","hv":"strip","set":"gw","body":"absent","nl":false,"bare":true,"up":true,"join":";"} strip true
rec 6 {"order":"n","hv":"strip","set":"gw","body":"unsigned","nl":false,"bare":false,"up":false,"join":";"} strip true
rec 6 {"order":"n","hv":"strip","set":"gw","body":"unsigned","nl":false,"bare":false,"up":true,"join":";"} strip true
rec 6 {"order":"n","hv":"strip","set":"gw","body":"unsigned","nl":false,"bare":true,"up":false,"join":";"} strip true
rec 6 {"order":"n","hv":"strip","set":"gw","body":"unsigned","nl":false,"bare":true,"up":true,"join":";"} strip true
rec 6 {"order":"n","hv":"collapse","set":"all","body":"sha","nl":false,"bare":false,"up":false,"join":";"} strip true
rec 6 {"order":"n","hv":"collapse","set":"all","body":"sha","nl":false,"bare":false,"up":true,"join":";"} strip true
rec 6 {"order":"n","hv":"collapse","set":"all","body":"sha","nl":false,"bare":true,"up":false,"join":";"} strip true
rec 6 {"order":"n","hv":"collapse","set":"all","body":"sha","nl":false,"bare":true,"up":true,"join":";"} strip true
rec 6 {"order":"n","hv":"collapse","set":"all","body":"absent","nl":false,"bare":false,"up":false,"join":";"} strip true
rec 6 {"order":"n","hv":"collapse","set":"all","body":"absent","nl":false,"bare":false,"up":true,"join":";"} strip true
rec 6 {"order":"n","hv":"collapse","set":"all","body":"absent","nl":false,"bare":true,"up":false,"join":";"} strip true
rec 6 {"order":"n","hv":"collapse","set":"all","body":"absent","nl":false,"bare":true,"up":true,"join":";"} strip true
rec 6 {"order":"n","hv":"collapse","set":"all","body":"unsigned","nl":false,"bare":false,"up":false,"join":";"} strip true
rec 6 {"order":"n","hv":"collapse","set":"all","body":"unsigned","nl":false,"bare":false,"up":true,"join":";"} strip true
rec 6 {"order":"n","hv":"collapse","set":"all","body":"unsigned","nl":false,"bare":true,"up":false,"join":";"} strip true
rec 6 {"order":"n","hv":"collapse","set":"all","body":"unsigned","nl":false,"bare":true,"up":true,"join":";"} strip true
rec 6 {"order":"n","hv":"collapse","set":"gwct","body":"sha","nl":false,"bare":false,"up":false,"join":";"} strip true
rec 6 {"order":"n","hv":"collapse","set":"gwct","body":"sha","nl":false,"bare":false,"up":true,"join":";"} strip true
rec 6 {"order":"n","hv":"collapse","set":"gwct","body":"sha","nl":false,"bare":true,"up":false,"join":";"} strip true
rec 6 {"order":"n","hv":"collapse","set":"gwct","body":"sha","nl":false,"bare":true,"up":true,"join":";"} strip true
rec 6 {"order":"n","hv":"collapse","set":"gwct","body":"absent","nl":false,"bare":false,"up":false,"join":";"} strip true
rec 6 {"order":"n","hv":"collapse","set":"gwct","body":"absent","nl":false,"bare":false,"up":true,"join":";"} strip true
rec 6 {"order":"n","hv":"collapse","set":"gwct","body":"absent","nl":false,"bare":true,"up":false,"join":";"} strip true
rec 6 {"order":"n","hv":"collapse","set":"gwct","body":"absent","nl":false,"bare":true,"up":true,"join":";"} strip true
rec 6 {"order":"n","hv":"collapse","set":"gwct","body":"unsigned","nl":false,"bare":false,"up":false,"join":";"} strip true
rec 6 {"order":"n","hv":"collapse","set":"gwct","body":"unsigned","nl":false,"bare":false,"up":true,"join":";"} strip true
rec 6 {"order":"n","hv":"collapse","set":"gwct","body":"unsigned","nl":false,"bare":true,"up":false,"join":";"} strip true
rec 6 {"order":"n","hv":"collapse","set":"gwct","body":"unsigned","nl":false,"bare":true,"up":true,"join":";"} strip true
rec 6 {"order":"n","hv":"collapse","set":"gw","body":"sha","nl":false,"bare":false,"up":false,"join":";"} strip true
rec 6 {"order":"n","hv":"collapse","set":"gw","body":"sha","nl":false,"bare":false,"up":true,"join":";"} strip true
rec 6 {"order":"n","hv":"collapse","set":"gw","body":"sha","nl":false,"bare":true,"up":false,"join":";"} strip true
rec 6 {"order":"n","hv":"collapse","set":"gw","body":"sha","nl":false,"bare":true,"up":true,"join":";"} strip true
rec 6 {"order":"n","hv":"collapse","set":"gw","body":"absent","nl":false,"bare":false,"up":false,"join":";"} strip true
rec 6 {"order":"n","hv":"collapse","set":"gw","body":"absent","nl":false,"bare":false,"up":true,"join":";"} strip true
rec 6 {"order":"n","hv":"collapse","set":"gw","body":"absent","nl":false,"bare":true,"up":false,"join":";"} strip true
rec 6 {"order":"n","hv":"collapse","set":"gw","body":"absent","nl":false,"bare":true,"up":true,"join":";"} strip true
rec 6 {"order":"n","hv":"collapse","set":"gw","body":"unsigned","nl":false,"bare":false,"up":false,"join":";"} strip true
rec 6 {"order":"n","hv":"collapse","set":"gw","body":"unsigned","nl":false,"bare":false,"up":true,"join":";"} strip true
rec 6 {"order":"n","hv":"collapse","set":"gw","body":"unsigned","nl":false,"bare":true,"up":false,"join":";"} strip true
rec 6 {"order":"n","hv":"collapse","set":"gw","body":"unsigned","nl":false,"bare":true,"up":true,"join":";"} strip true
rec 6 {"order":"nv","hv":"raw","set":"all","body":"sha","nl":false,"bare":false,"up":false,"join":";"} strip true
rec 6 {"order":"nv","hv":"raw","set":"all","body":"sha","nl":false,"bare":false,"up":true,"join":";"} strip true
rec 6 {"order":"nv","hv":"raw","set":"all","body":"sha","nl":false,"bare":true,"up":false,"join":";"} strip true
rec 6 {"order":"nv","hv":"raw","set":"all","body":"sha","nl":false,"bare":true,"up":true,"join":";"} strip true
rec 6 {"order":"nv","hv":"raw","set":"all","body":"absent","nl":false,"bare":false,"up":false,"join":";"} strip true
rec 6 {"order":"nv","hv":"raw","set":"all","body":"absent","nl":false,"bare":false,"up":true,"join":";"} strip true
rec 6 {"order":"nv","hv":"raw","set":"all","body":"absent","nl":false,"bare":true,"up":false,"join":";"} strip true
rec 6 {"order":"nv","hv":"raw","set":"all","body":"absent","nl":false,"bare":true,"up":true,"join":";"} strip true
rec 6 {"order":"nv","hv":"raw","set":"all","body":"unsigned","nl":false,"bare":false,"up":false,"join":";"} strip true
rec 6 {"order":"nv","hv":"raw","set":"all","body":"unsigned","nl":false,"bare":false,"up":true,"join":";"} strip true
rec 6 {"order":"nv","hv":"raw","set":"all","body":"unsigned","nl":false,"bare":true,"up":false,"join":";"} strip true
rec 6 {"order":"nv","hv":"raw","set":"all","body":"unsigned","nl":false,"bare":true,"up":true,"join":";"} strip true
rec 6 {"order":"nv","hv":"raw","set":"gwct","body":"sha","nl":false,"bare":false,"up":false,"join":";"} strip true
rec 6 {"order":"nv","hv":"raw","set":"gwct","body":"sha","nl":false,"bare":false,"up":true,"join":";"} strip true
rec 6 {"order":"nv","hv":"raw","set":"gwct","body":"sha","nl":false,"bare":true,"up":false,"join":";"} strip true
rec 6 {"order":"nv","hv":"raw","set":"gwct","body":"sha","nl":false,"bare":true,"up":true,"join":";"} strip true
rec 6 {"order":"nv","hv":"raw","set":"gwct","body":"absent","nl":false,"bare":false,"up":false,"join":";"} strip true
rec 6 {"order":"nv","hv":"raw","set":"gwct","body":"absent","nl":false,"bare":false,"up":true,"join":";"} strip true
rec 6 {"order":"nv","hv":"raw","set":"gwct","body":"absent","nl":false,"bare":true,"up":false,"join":";"} strip true
rec 6 {"order":"nv","hv":"raw","set":"gwct","body":"absent","nl":false,"bare":true,"up":true,"join":";"} strip true
rec 6 {"order":"nv","hv":"raw","set":"gwct","body":"unsigned","nl":false,"bare":false,"up":false,"join":";"} strip true
rec 6 {"order":"nv","hv":"raw","set":"gwct","body":"unsigned","nl":false,"bare":false,"up":true,"join":";"} strip true
rec 6 {"order":"nv","hv":"raw","set":"gwct","body":"unsigned","nl":false,"bare":true,"up":false,"join":";"} strip true
rec 6 {"order":"nv","hv":"raw","set":"gwct","body":"unsigned","nl":false,"bare":true,"up":true,"join":";"} strip true
rec 6 {"order":"nv","hv":"raw","set":"gw","body":"sha","nl":false,"bare":false,"up":false,"join":";"} strip true
rec 6 {"order":"nv","hv":"raw","set":"gw","body":"sha","nl":false,"bare":false,"up":true,"join":";"} strip true
rec 6 {"order":"nv","hv":"raw","set":"gw","body":"sha","nl":false,"bare":true,"up":false,"join":";"} strip true
rec 6 {"order":"nv","hv":"raw","set":"gw","body":"sha","nl":false,"bare":true,"up":true,"join":";"} strip true
rec 6 {"order":"nv","hv":"raw","set":"gw","body":"absent","nl":false,"bare":false,"up":false,"join":";"} strip true
rec 6 {"order":"nv","hv":"raw","set":"gw","body":"absent","nl":false,"bare":false,"up":true,"join":";"} strip true
rec 6 {"order":"nv","hv":"raw","set":"gw","body":"absent","nl":false,"bare":true,"up":false,"join":";"} strip true
rec 6 {"order":"nv","hv":"raw","set":"gw","body":"absent","nl":false,"bare":true,"up":true,"join":";"} strip true
rec 6 {"order":"nv","hv":"raw","set":"gw","body":"unsigned","nl":false,"bare":false,"up":false,"join":";"} strip true
rec 6 {"order":"nv","hv":"raw","set":"gw","body":"unsigned","nl":false,"bare":false,"up":true,"join":";"} strip true
rec 6 {"order":"nv","hv":"raw","set":"gw","body":"unsigned","nl":false,"bare":true,"up":false,"join":";"} strip true
rec 6 {"order":"nv","hv":"raw","set":"gw","body":"unsigned","nl":false,"bare":true,"up":true,"join":";"} strip true
rec 6 {"order":"nv","hv":"strip","set":"all","body":"sha","nl":false,"bare":false,"up":false,"join":";"} strip true
rec 6 {"order":"nv","hv":"strip","set":"all","body":"sha","nl":false,"bare":false,"up":true,"join":";"} strip true
rec 6 {"order":"nv","hv":"strip","set":"all","body":"sha","nl":false,"bare":true,"up":false,"join":";"} strip true
rec 6 {"order":"nv","hv":"strip","set":"all","body":"sha","nl":false,"bare":true,"up":true,"join":";"} strip true
rec 6 {"order":"nv","hv":"strip","set":"all","body":"absent","nl":false,"bare":false,"up":false,"join":";"} strip true
rec 6 {"order":"nv","hv":"strip","set":"all","body":"absent","nl":false,"bare":false,"up":true,"join":";"} strip true
rec 6 {"order":"nv","hv":"strip","set":"all","body":"absent","nl":false,"bare":true,"up":false,"join":";"} strip true
rec 6 {"order":"nv","hv":"strip","set":"all","body":"absent","nl":false,"bare":true,"up":true,"join":";"} strip true
rec 6 {"order":"nv","hv":"strip","set":"all","body":"unsigned","nl":false,"bare":false,"up":false,"join":";"} strip true
rec 6 {"order":"nv","hv":"strip","set":"all","body":"unsigned","nl":false,"bare":false,"up":true,"join":";"} strip true
rec 6 {"order":"nv","hv":"strip","set":"all","body":"unsigned","nl":false,"bare":true,"up":false,"join":";"} strip true
rec 6 {"order":"nv","hv":"strip","set":"all","body":"unsigned","nl":false,"bare":true,"up":true,"join":";"} strip true
rec 6 {"order":"nv","hv":"strip","set":"gwct","body":"sha","nl":false,"bare":false,"up":false,"join":";"} strip true
rec 6 {"order":"nv","hv":"strip","set":"gwct","body":"sha","nl":false,"bare":false,"up":true,"join":";"} strip true
rec 6 {"order":"nv","hv":"strip","set":"gwct","body":"sha","nl":false,"bare":true,"up":false,"join":";"} strip true
rec 6 {"order":"nv","hv":"strip","set":"gwct","body":"sha","nl":false,"bare":true,"up":true,"join":";"} strip true
rec 6 {"order":"nv","hv":"strip","set":"gwct","body":"absent","nl":false,"bare":false,"up":false,"join":";"} strip true
rec 6 {"order":"nv","hv":"strip","set":"gwct","body":"absent","nl":false,"bare":false,"up":true,"join":";"} strip true
rec 6 {"order":"nv","hv":"strip","set":"gwct","body":"absent","nl":false,"bare":true,"up":false,"join":";"} strip true
rec 6 {"order":"nv","hv":"strip","set":"gwct","body":"absent","nl":false,"bare":true,"up":true,"join":";"} strip true
rec 6 {"order":"nv","hv":"strip","set":"gwct","body":"unsigned","nl":false,"bare":false,"up":false,"join":";"} strip true
rec 6 {"order":"nv","hv":"strip","set":"gwct","body":"unsigned","nl":false,"bare":false,"up":true,"join":";"} strip true
rec 6 {"order":"nv","hv":"strip","set":"gwct","body":"unsigned","nl":false,"bare":true,"up":false,"join":";"} strip true
rec 6 {"order":"nv","hv":"strip","set":"gwct","body":"unsigned","nl":false,"bare":true,"up":true,"join":";"} strip true
rec 6 {"order":"nv","hv":"strip","set":"gw","body":"sha","nl":false,"bare":false,"up":false,"join":";"} strip true
rec 6 {"order":"nv","hv":"strip","set":"gw","body":"sha","nl":false,"bare":false,"up":true,"join":";"} strip true
rec 6 {"order":"nv","hv":"strip","set":"gw","body":"sha","nl":false,"bare":true,"up":false,"join":";"} strip true
rec 6 {"order":"nv","hv":"strip","set":"gw","body":"sha","nl":false,"bare":true,"up":true,"join":";"} strip true
rec 6 {"order":"nv","hv":"strip","set":"gw","body":"absent","nl":false,"bare":false,"up":false,"join":";"} strip true
rec 6 {"order":"nv","hv":"strip","set":"gw","body":"absent","nl":false,"bare":false,"up":true,"join":";"} strip true
rec 6 {"order":"nv","hv":"strip","set":"gw","body":"absent","nl":false,"bare":true,"up":false,"join":";"} strip true
rec 6 {"order":"nv","hv":"strip","set":"gw","body":"absent","nl":false,"bare":true,"up":true,"join":";"} strip true
rec 6 {"order":"nv","hv":"strip","set":"gw","body":"unsigned","nl":false,"bare":false,"up":false,"join":";"} strip true
rec 6 {"order":"nv","hv":"strip","set":"gw","body":"unsigned","nl":false,"bare":false,"up":true,"join":";"} strip true
rec 6 {"order":"nv","hv":"strip","set":"gw","body":"unsigned","nl":false,"bare":true,"up":false,"join":";"} strip true
rec 6 {"order":"nv","hv":"strip","set":"gw","body":"unsigned","nl":false,"bare":true,"up":true,"join":";"} strip true
rec 6 {"order":"nv","hv":"collapse","set":"all","body":"sha","nl":false,"bare":false,"up":false,"join":";"} strip true
rec 6 {"order":"nv","hv":"collapse","set":"all","body":"sha","nl":false,"bare":false,"up":true,"join":";"} strip true
rec 6 {"order":"nv","hv":"collapse","set":"all","body":"sha","nl":false,"bare":true,"up":false,"join":";"} strip true
rec 6 {"order":"nv","hv":"collapse","set":"all","body":"sha","nl":false,"bare":true,"up":true,"join":";"} strip true
rec 6 {"order":"nv","hv":"collapse","set":"all","body":"absent","nl":false,"bare":false,"up":false,"join":";"} strip true
rec 6 {"order":"nv","hv":"collapse","set":"all","body":"absent","nl":false,"bare":false,"up":true,"join":";"} strip true
rec 6 {"order":"nv","hv":"collapse","set":"all","body":"absent","nl":false,"bare":true,"up":false,"join":";"} strip true
rec 6 {"order":"nv","hv":"collapse","set":"all","body":"absent","nl":false,"bare":true,"up":true,"join":";"} strip true
rec 6 {"order":"nv","hv":"collapse","set":"all","body":"unsigned","nl":false,"bare":false,"up":false,"join":";"} strip true
rec 6 {"order":"nv","hv":"collapse","set":"all","body":"unsigned","nl":false,"bare":false,"up":true,"join":";"} strip true
rec 6 {"order":"nv","hv":"collapse","set":"all","body":"unsigned","nl":false,"bare":true,"up":false,"join":";"} strip true
rec 6 {"order":"nv","hv":"collapse","set":"all","body":"unsigned","nl":false,"bare":true,"up":true,"join":";"} strip true
rec 6 {"order":"nv","hv":"collapse","set":"gwct","body":"sha","nl":false,"bare":false,"up":false,"join":";"} strip true
rec 6 {"order":"nv","hv":"collapse","set":"gwct","body":"sha","nl":false,"bare":false,"up":true,"join":";"} strip true
rec 6 {"order":"nv","hv":"collapse","set":"gwct","body":"sha","nl":false,"bare":true,"up":false,"join":";"} strip true
rec 6 {"order":"nv","hv":"collapse","set":"gwct","body":"sha","nl":false,"bare":true,"up":true,"join":";"} strip true
rec 6 {"order":"nv","hv":"collapse","set":"gwct","body":"absent","nl":false,"bare":false,"up":false,"join":";"} strip true
rec 6 {"order":"nv","hv":"collapse","set":"gwct","body":"absent","nl":false,"bare":false,"up":true,"join":";"} strip true
rec 6 {"order":"nv","hv":"collapse","set":"gwct","body":"absent","nl":false,"bare":true,"up":false,"join":";"} strip true
rec 6 {"order":"nv","hv":"collapse","set":"gwct","body":"absent","nl":false,"bare":true,"up":true,"join":";"} strip true
rec 6 {"order":"nv","hv":"collapse","set":"gwct","body":"unsigned","nl":false,"bare":false,"up":false,"join":";"} strip true
rec 6 {"order":"nv","hv":"collapse","set":"gwct","body":"unsigned","nl":false,"bare":false,"up":true,"join":";"} strip true
rec 6 {"order":"nv","hv":"collapse","set":"gwct","body":"unsigned","nl":false,"bare":true,"up":false,"join":";"} strip true
rec 6 {"order":"nv","hv":"collapse","set":"gwct","body":"unsigned","nl":false,"bare":true,"up":true,"join":";"} strip true
rec 6 {"order":"nv","hv":"collapse","set":"gw","body":"sha","nl":false,"bare":false,"up":false,"join":";"} strip true
rec 6 {"order":"nv","hv":"collapse","set":"gw","body":"sha","nl":false,"bare":false,"up":true,"join":";"} strip true
rec 6 {"order":"nv","hv":"collapse","set":"gw","body":"sha","nl":false,"bare":true,"up":false,"join":";"} strip true
rec 6 {"order":"nv","hv":"collapse","set":"gw","body":"sha","nl":false,"bare":true,"up":true,"join":";"} strip true
rec 6 {"order":"nv","hv":"collapse","set":"gw","body":"absent","nl":false,"bare":false,"up":false,"join":";"} strip true
rec 6 {"order":"nv","hv":"collapse","set":"gw","body":"absent","nl":false,"bare":false,"up":true,"join":";"} strip true
rec 6 {"order":"nv","hv":"collapse","set":"gw","body":"absent","nl":false,"bare":true,"up":false,"join":";"} strip true
rec 6 {"order":"nv","hv":"collapse","set":"gw","body":"absent","nl":false,"bare":true,"up":true,"join":";"} strip true
rec 6 {"order":"nv","hv":"collapse","set":"gw","body":"unsigned","nl":false,"bare":false,"up":false,"join":";"} strip true
rec 6 {"order":"nv","hv":"collapse","set":"gw","body":"unsigned","nl":false,"bare":false,"up":true,"join":";"} strip true
rec 6 {"order":"nv","hv":"collapse","set":"gw","body":"unsigned","nl":false,"bare":true,"up":false,"join":";"} strip true
rec 6 {"order":"nv","hv":"collapse","set":"gw","body":"unsigned","nl":false,"bare":true,"up":true,"join":";"} strip true
rec 6 {"order":"dec","hv":"raw","set":"all","body":"sha","nl":false,"bare":false,"up":false,"join":";"} strip true
rec 6 {"order":"dec","hv":"raw","set":"all","body":"sha","nl":false,"bare":false,"up":true,"join":";"} strip true
rec 6 {"order":"dec","hv":"raw","set":"all","body":"sha","nl":false,"bare":true,"up":false,"join":";"} strip true
rec 6 {"order":"dec","hv":"raw","set":"all","body":"sha","nl":false,"bare":true,"up":true,"join":";"} strip true
rec 6 {"order":"dec","hv":"raw","set":"all","body":"absent","nl":false,"bare":false,"up":false,"join":";"} strip true
rec 6 {"order":"dec","hv":"raw","set":"all","body":"absent","nl":false,"bare":false,"up":true,"join":";"} strip true
rec 6 {"order":"dec","hv":"raw","set":"all","body":"absent","nl":false,"bare":true,"up":false,"join":";"} strip true
rec 6 {"order":"dec","hv":"raw","set":"all","body":"absent","nl":false,"bare":true,"up":true,"join":";"} strip true
rec 6 {"order":"dec","hv":"raw","set":"all","body":"unsigned","nl":false,"bare":false,"up":false,"join":";"} strip true
rec 6 {"order":"dec","hv":"raw","set":"all","body":"unsigned","nl":false,"bare":false,"up":true,"join":";"} strip true
rec 6 {"order":"dec","hv":"raw","set":"all","body":"unsigned","nl":false,"bare":true,"up":false,"join":";"} strip true
rec 6 {"order":"dec","hv":"raw","set":"all","body":"unsigned","nl":false,"bare":true,"up":true,"join":";"} strip true
rec 6 {"order":"dec","hv":"raw","set":"gwct","body":"sha","nl":false,"bare":false,"up":false,"join":";"} strip true
rec 6 {"order":"dec","hv":"raw","set":"gwct","body":"sha","nl":false,"bare":false,"up":true,"join":";"} strip true
rec 6 {"order":"dec","hv":"raw","set":"gwct","body":"sha","nl":false,"bare":true,"up":false,"join":";"} strip true
rec 6 {"order":"dec","hv":"raw","set":"gwct","body":"sha","nl":false,"bare":true,"up":true,"join":";"} strip true
rec 6 {"order":"dec","hv":"raw","set":"gwct","body":"absent","nl":false,"bare":false,"up":false,"join":";"} strip true
rec 6 {"order":"dec","hv":"raw","set":"gwct","body":"absent","nl":false,"bare":false,"up":true,"join":";"} strip true
rec 6 {"order":"dec","hv":"raw","set":"gwct","body":"absent","nl":false,"bare":true,"up":false,"join":";"} strip true
rec 6 {"order":"dec","hv":"raw","set":"gwct","body":"absent","nl":false,"bare":true,"up":true,"join":";"} strip true
rec 6 {"order":"dec","hv":"raw","set":"gwct","body":"unsigned","nl":false,"bare":false,"up":false,"join":";"} strip true
rec 6 {"order":"dec","hv":"raw","set":"gwct","body":"unsigned","nl":false,"bare":false,"up":true,"join":";"} strip true
rec 6 {"order":"dec","hv":"raw","set":"gwct","body":"unsigned","nl":false,"bare":true,"up":false,"join":";"} strip true
rec 6 {"order":"dec","hv":"raw","set":"gwct","body":"unsigned","nl":false,"bare":true,"up":true,"join":";"} strip true
rec 6 {"order":"dec","hv":"raw","set":"gw","body":"sha","nl":false,"bare":false,"up":false,"join":";"} strip true
rec 6 {"order":"dec","hv":"raw","set":"gw","body":"sha","nl":false,"bare":false,"up":true,"join":";"} strip true
rec 6 {"order":"dec","hv":"raw","set":"gw","body":"sha","nl":false,"bare":true,"up":false,"join":";"} strip true
rec 6 {"order":"dec","hv":"raw","set":"gw","body":"sha","nl":false,"bare":true,"up":true,"join":";"} strip true
rec 6 {"order":"dec","hv":"raw","set":"gw","body":"absent","nl":false,"bare":false,"up":false,"join":";"} strip true
rec 6 {"order":"dec","hv":"raw","set":"gw","body":"absent","nl":false,"bare":false,"up":true,"join":";"} strip true
rec 6 {"order":"dec","hv":"raw","set":"gw","body":"absent","nl":false,"bare":true,"up":false,"join":";"} strip true
rec 6 {"order":"dec","hv":"raw","set":"gw","body":"absent","nl":false,"bare":true,"up":true,"join":";"} strip true
rec 6 {"order":"dec","hv":"raw","set":"gw","body":"unsigned","nl":false,"bare":false,"up":false,"join":";"} strip true
rec 6 {"order":"dec","hv":"raw","set":"gw","body":"unsigned","nl":false,"bare":false,"up":true,"join":";"} strip true
rec 6 {"order":"dec","hv":"raw","set":"gw","body":"unsigned","nl":false,"bare":true,"up":false,"join":";"} strip true
rec 6 {"order":"dec","hv":"raw","set":"gw","body":"unsigned","nl":false,"bare":true,"up":true,"join":";"} strip true
rec 6 {"order":"dec","hv":"strip","set":"all","body":"sha","nl":false,"bare":false,"up":false,"join":";"} strip true
rec 6 {"order":"dec","hv":"strip","set":"all","body":"sha","nl":false,"bare":false,"up":true,"join":";"} strip true
rec 6 {"order":"dec","hv":"strip","set":"all","body":"sha","nl":false,"bare":true,"up":false,"join":";"} strip true
rec 6 {"order":"dec","hv":"strip","set":"all","body":"sha","nl":false,"bare":true,"up":true,"join":";"} strip true
rec 6 {"order":"dec","hv":"strip","set":"all","body":"absent","nl":false,"bare":false,"up":false,"join":";"} strip true
rec 6 {"order":"dec","hv":"strip","set":"all","body":"absent","nl":false,"bare":false,"up":true,"join":";"} strip true
rec 6 {"order":"dec","hv":"strip","set":"all","body":"absent","nl":false,"bare":true,"up":false,"join":";"} strip true
rec 6 {"order":"dec","hv":"strip","set":"all","body":"absent","nl":false,"bare":true,"up":true,"join":";"} strip true
rec 6 {"order":"dec","hv":"strip","set":"all","body":"unsigned","nl":false,"bare":false,"up":false,"join":";"} strip true
rec 6 {"order":"dec","hv":"strip","set":"all","body":"unsigned","nl":false,"bare":false,"up":true,"join":";"} strip true
rec 6 {"order":"dec","hv":"strip","set":"all","body":"unsigned","nl":false,"bare":true,"up":false,"join":";"} strip true
rec 6 {"order":"dec","hv":"strip","set":"all","body":"unsigned","nl":false,"bare":true,"up":true,"join":";"} strip true
rec 6 {"order":"dec","hv":"strip","set":"gwct","body":"sha","nl":false,"bare":false,"up":false,"join":";"} strip true
rec 6 {"order":"dec","hv":"strip","set":"gwct","body":"sha","nl":false,"bare":false,"up":true,"join":";"} strip true
rec 6 {"order":"dec","hv":"strip","set":"gwct","body":"sha","nl":false,"bare":true,"up":false,"join":";"} strip true
rec 6 {"order":"dec","hv":"strip","set":"gwct","body":"sha","nl":false,"bare":true,"up":true,"join":";"} strip true
rec 6 {"order":"dec","hv":"strip","set":"gwct","body":"absent","nl":false,"bare":false,"up":false,"join":";"} strip true
rec 6 {"order":"dec","hv":"strip","set":"gwct","body":"absent","nl":false,"bare":false,"up":true,"join":";"} strip true
rec 6 {"order":"dec","hv":"strip","set":"gwct","body":"absent","nl":false,"bare":true,"up":false,"join":";"} strip true
rec 6 {"order":"dec","hv":"strip","set":"gwct","body":"absent","nl":false,"bare":true,"up":true,"join":";"} strip true
rec 6 {"order":"dec","hv":"strip","set":"gwct","body":"unsigned","nl":false,"bare":false,"up":false,"join":";"} strip true
rec 6 {"order":"dec","hv":"strip","set":"gwct","body":"unsigned","nl":false,"bare":false,"up":true,"join":";"} strip true
rec 6 {"order":"dec","hv":"strip","set":"gwct","body":"unsigned","nl":false,"bare":true,"up":false,"join":";"} strip true
rec 6 {"order":"dec","hv":"strip","set":"gwct","body":"unsigned","nl":false,"bare":true,"up":true,"join":";"} strip true
rec 6 {"order":"dec","hv":"strip","set":"gw","body":"sha","nl":false,"bare":false,"up":false,"join":";"} strip true
rec 6 {"order":"dec","hv":"strip","set":"gw","body":"sha","nl":false,"bare":false,"up":true,"join":";"} strip true
rec 6 {"order":"dec","hv":"strip","set":"gw","body":"sha","nl":false,"bare":true,"up":false,"join":";"} strip true
rec 6 {"order":"dec","hv":"strip","set":"gw","body":"sha","nl":false,"bare":true,"up":true,"join":";"} strip true
rec 6 {"order":"dec","hv":"strip","set":"gw","body":"absent","nl":false,"bare":false,"up":false,"join":";"} strip true
rec 6 {"order":"dec","hv":"strip","set":"gw","body":"absent","nl":false,"bare":false,"up":true,"join":";"} strip true
rec 6 {"order":"dec","hv":"strip","set":"gw","body":"absent","nl":false,"bare":true,"up":false,"join":";"} strip true
rec 6 {"order":"dec","hv":"strip","set":"gw","body":"absent","nl":false,"bare":true,"up":true,"join":";"} strip true
rec 6 {"order":"dec","hv":"strip","set":"gw","body":"unsigned","nl":false,"bare":false,"up":false,"join":";"} strip true
rec 6 {"order":"dec","hv":"strip","set":"gw","body":"unsigned","nl":false,"bare":false,"up":true,"join":";"} strip true
rec 6 {"order":"dec","hv":"strip","set":"gw","body":"unsigned","nl":false,"bare":true,"up":false,"join":";"} strip true
rec 6 {"order":"dec","hv":"strip","set":"gw","body":"unsigned","nl":false,"bare":true,"up":true,"join":";"} strip true
rec 6 {"order":"dec","hv":"collapse","set":"all","body":"sha","nl":false,"bare":false,"up":false,"join":";"} strip true
rec 6 {"order":"dec","hv":"collapse","set":"all","body":"sha","nl":false,"bare":false,"up":true,"join":";"} strip true
rec 6 {"order":"dec","hv":"collapse","set":"all","body":"sha","nl":false,"bare":true,"up":false,"join":";"} strip true
rec 6 {"order":"dec","hv":"collapse","set":"all","body":"sha","nl":false,"bare":true,"up":true,"join":";"} strip true
rec 6 {"order":"dec","hv":"collapse","set":"all","body":"absent","nl":false,"bare":false,"up":false,"join":";"} strip true
rec 6 {"order":"dec","hv":"collapse","set":"all","body":"absent","nl":false,"bare":false,"up":true,"join":";"} strip true
rec 6 {"order":"dec","hv":"collapse","set":"all","body":"absent","nl":false,"bare":true,"up":false,"join":";"} strip true
rec 6 {"order":"dec","hv":"collapse","set":"all","body":"absent","nl":false,"bare":true,"up":true,"join":";"} strip true
rec 6 {"order":"dec","hv":"collapse","set":"all","body":"unsigned","nl":false,"bare":false,"up":false,"join":";"} strip true
rec 6 {"order":"dec","hv":"collapse","set":"all","body":"unsigned","nl":false,"bare":false,"up":true,"join":";"} strip true
rec 6 {"order":"dec","hv":"collapse","set":"all","body":"unsigned","nl":false,"bare":true,"up":false,"join":";"} strip true
rec 6 {"order":"dec","hv":"collapse","set":"all","body":"unsigned","nl":false,"bare":true,"up":true,"join":";"} strip true
rec 6 {"order":"dec","hv":"collapse","set":"gwct","body":"sha","nl":false,"bare":false,"up":false,"join":";"} strip true
rec 6 {"order":"dec","hv":"collapse","set":"gwct","body":"sha","nl":false,"bare":false,"up":true,"join":";"} strip true
rec 6 {"order":"dec","hv":"collapse","set":"gwct","body":"sha","nl":false,"bare":true,"up":false,"join":";"} strip true
rec 6 {"order":"dec","hv":"collapse","set":"gwct","body":"sha","nl":false,"bare":true,"up":true,"join":";"} strip true
rec 6 {"order":"dec","hv":"collapse","set":"gwct","body":"absent","nl":false,"bare":false,"up":false,"join":";"} strip true
rec 6 {"order":"dec","hv":"collapse","set":"gwct","body":"absent","nl":false,"bare":false,"up":true,"join":";"} strip true
rec 6 {"order":"dec","hv":"collapse","set":"gwct","body":"absent","nl":false,"bare":true,"up":false,"join":";"} strip true
rec 6 {"order":"dec","hv":"collapse","set":"gwct","body":"absent","nl":false,"bare":true,"up":true,"join":";"} strip true
rec 6 {"order":"dec","hv":"collapse","set":"gwct","body":"unsigned","nl":false,"bare":false,"up":false,"join":";"} strip true
rec 6 {"order":"dec","hv":"collapse","set":"gwct","body":"unsigned","nl":false,"bare":false,"up":true,"join":";"} strip true
rec 6 {"order":"dec","hv":"collapse","set":"gwct","body":"unsigned","nl":false,"bare":true,"up":false,"join":";"} strip true
rec 6 {"order":"dec","hv":"collapse","set":"gwct","body":"unsigned","nl":false,"bare":true,"up":true,"join":";"} strip true
rec 6 {"order":"dec","hv":"collapse","set":"gw","body":"sha","nl":false,"bare":false,"up":false,"join":";"} strip true
rec 6 {"order":"dec","hv":"collapse","set":"gw","body":"sha","nl":false,"bare":false,"up":true,"join":";"} strip true
rec 6 {"order":"dec","hv":"collapse","set":"gw","body":"sha","nl":false,"bare":true,"up":false,"join":";"} strip true
rec 6 {"order":"dec","hv":"collapse","set":"gw","body":"sha","nl":false,"bare":true,"up":true,"join":";"} strip true
rec 6 {"order":"dec","hv":"collapse","set":"gw","body":"absent","nl":false,"bare":false,"up":false,"join":";"} strip true
rec 6 {"order":"dec","hv":"collapse","set":"gw","body":"absent","nl":false,"bare":false,"up":true,"join":";"} strip true
rec 6 {"order":"dec","hv":"collapse","set":"gw","body":"absent","nl":false,"bare":true,"up":false,"join":";"} strip true
rec 6 {"order":"dec","hv":"collapse","set":"gw","body":"absent","nl":false,"bare":true,"up":true,"join":";"} strip true
rec 6 {"order":"dec","hv":"collapse","set":"gw","body":"unsigned","nl":false,"bare":false,"up":false,"join":";"} strip true
rec 6 {"order":"dec","hv":"collapse","set":"gw","body":"unsigned","nl":false,"bare":false,"up":true,"join":";"} strip true
rec 6 {"order":"dec","hv":"collapse","set":"gw","body":"unsigned","nl":false,"bare":true,"up":false,"join":";"} strip true
rec 6 {"order":"dec","hv":"collapse","set":"gw","body":"unsigned","nl":false,"bare":true,"up":true,"join":";"} strip true
rec 7 {"order":"dec","hv":"raw","set":"gwct","body":"absent","nl":true,"bare":true,"up":false,"join":";"} strip true
rec 7 {"order":"dec","hv":"raw","set":"gwct","body":"unsigned","nl":true,"bare":true,"up":false,"join":";"} strip true
rec 7 {"order":"dec","hv":"strip","set":"gwct","body":"absent","nl":true,"bare":true,"up":false,"join":";"} strip true
rec 7 {"order":"dec","hv":"strip","set":"gwct","body":"unsigned","nl":true,"bare":true,"up":false,"join":";"} strip true
rec 7 {"order":"dec","hv":"collapse","set":"gwct","body":"absent","nl":true,"bare":true,"up":false,"join":";"} strip true
rec 7 {"order":"dec","hv":"collapse","set":"gwct","body":"unsigned","nl":true,"bare":true,"up":false,"join":";"} strip true
